// Jest Snapshot v1, https://goo.gl/fbAQLP

exports[`renders default <Footer /> 1`] = `
<DocumentFragment>
  .c0 {
  margin: 1rem;
  padding: 0.5rem;
  text-align: center;
}

<footer
    class="c0"
  />
</DocumentFragment>
`;
