// Jest Snapshot v1, https://goo.gl/fbAQLP

exports[`constructs global styles 1`] = `
<Memo(l)
  theme={
    Object {
      "bg": "#fafafa",
      "bgAdd": "#fff",
      "color": "#000",
      "colorAdd": "#767676",
      "shadow": "0px 3px 5px 1px rgba(217,217,217,0.82)",
    }
  }
/>
`;
