// Jest Snapshot v1, https://goo.gl/fbAQLP

exports[`renders default <Option/> 1`] = `
<DocumentFragment>
  .c0 {
  font-size: 1.2rem;
  line-break: loose;
  text-align: center;
  text-transform: uppercase;
}

<option
    class="c0"
  />
</DocumentFragment>
`;
