// Jest Snapshot v1, https://goo.gl/fbAQLP

exports[`<Home /> renders with default style 1`] = `
[
  .c0 {
  margin: 3rem auto 1rem auto;
  font-size: 2rem;
  text-transform: uppercase;
}

@media screen and (min-width:40rem) {

}

<header>
    <h1
      className="c0"
    >
      Trending repositories
    </h1>
  </header>,
  .c0 {
  display: flex;
  flex-flow: row wrap;
  justify-content: center;
  max-width: 90%;
}

.c1 {
  padding: 1rem;
}

.c2 {
  max-width: 80%;
  margin: 0.5rem;
  padding: 0.5rem;
  background: #fff;
  border: none;
  border-radius: 0.5rem;
  box-shadow: 0px 3px 5px 1px rgba(217,217,217,0.82);
  font-size: 1.3rem;
  color: #000;
  text-align: center;
  text-transform: uppercase;
  appearance: none;
}

.c3 {
  font-size: 1.2rem;
  line-break: loose;
  text-align: center;
  text-transform: uppercase;
}

@media screen and (min-width:40rem) {

}

<form
    className="c0 c1"
  >
    <select
      aria-label="Languages"
      className="c2"
      onChange={[Function]}
      value="All"
    >
      <option
        className="c3"
        value="All Languages"
      >
        All Languages
      </option>
      <option
        className="c3"
        value="1C Enterprise"
      >
        1C Enterprise
      </option>
      <option
        className="c3"
        value="ABAP"
      >
        ABAP
      </option>
      <option
        className="c3"
        value="AGS Script"
      >
        AGS Script
      </option>
      <option
        className="c3"
        value="AMPL"
      >
        AMPL
      </option>
      <option
        className="c3"
        value="ANTLR"
      >
        ANTLR
      </option>
      <option
        className="c3"
        value="API Blueprint"
      >
        API Blueprint
      </option>
      <option
        className="c3"
        value="APL"
      >
        APL
      </option>
      <option
        className="c3"
        value="ASP"
      >
        ASP
      </option>
      <option
        className="c3"
        value="ATS"
      >
        ATS
      </option>
      <option
        className="c3"
        value="ActionScript"
      >
        ActionScript
      </option>
      <option
        className="c3"
        value="Ada"
      >
        Ada
      </option>
      <option
        className="c3"
        value="Agda"
      >
        Agda
      </option>
      <option
        className="c3"
        value="Alloy"
      >
        Alloy
      </option>
      <option
        className="c3"
        value="AngelScript"
      >
        AngelScript
      </option>
      <option
        className="c3"
        value="AppleScript"
      >
        AppleScript
      </option>
      <option
        className="c3"
        value="Arc"
      >
        Arc
      </option>
      <option
        className="c3"
        value="AspectJ"
      >
        AspectJ
      </option>
      <option
        className="c3"
        value="Assembly"
      >
        Assembly
      </option>
      <option
        className="c3"
        value="AutoHotkey"
      >
        AutoHotkey
      </option>
      <option
        className="c3"
        value="AutoIt"
      >
        AutoIt
      </option>
      <option
        className="c3"
        value="Ballerina"
      >
        Ballerina
      </option>
      <option
        className="c3"
        value="Batchfile"
      >
        Batchfile
      </option>
      <option
        className="c3"
        value="BlitzMax"
      >
        BlitzMax
      </option>
      <option
        className="c3"
        value="Boo"
      >
        Boo
      </option>
      <option
        className="c3"
        value="Brainfuck"
      >
        Brainfuck
      </option>
      <option
        className="c3"
        value="C"
      >
        C
      </option>
      <option
        className="c3"
        value="C#"
      >
        C#
      </option>
      <option
        className="c3"
        value="CSS"
      >
        CSS
      </option>
      <option
        className="c3"
        value="Ceylon"
      >
        Ceylon
      </option>
      <option
        className="c3"
        value="Chapel"
      >
        Chapel
      </option>
      <option
        className="c3"
        value="Cirru"
      >
        Cirru
      </option>
      <option
        className="c3"
        value="Clarion"
      >
        Clarion
      </option>
      <option
        className="c3"
        value="Clean"
      >
        Clean
      </option>
      <option
        className="c3"
        value="Click"
      >
        Click
      </option>
      <option
        className="c3"
        value="Clojure"
      >
        Clojure
      </option>
      <option
        className="c3"
        value="CoffeeScript"
      >
        CoffeeScript
      </option>
      <option
        className="c3"
        value="ColdFusion"
      >
        ColdFusion
      </option>
      <option
        className="c3"
        value="Common Lisp"
      >
        Common Lisp
      </option>
      <option
        className="c3"
        value="Common Workflow Language"
      >
        Common Workflow Language
      </option>
      <option
        className="c3"
        value="Component Pascal"
      >
        Component Pascal
      </option>
      <option
        className="c3"
        value="Crystal"
      >
        Crystal
      </option>
      <option
        className="c3"
        value="C++"
      >
        C++
      </option>
      <option
        className="c3"
        value="Cuda"
      >
        Cuda
      </option>
      <option
        className="c3"
        value="D"
      >
        D
      </option>
      <option
        className="c3"
        value="DM"
      >
        DM
      </option>
      <option
        className="c3"
        value="Dart"
      >
        Dart
      </option>
      <option
        className="c3"
        value="DataWeave"
      >
        DataWeave
      </option>
      <option
        className="c3"
        value="Dogescript"
      >
        Dogescript
      </option>
      <option
        className="c3"
        value="Dylan"
      >
        Dylan
      </option>
      <option
        className="c3"
        value="E"
      >
        E
      </option>
      <option
        className="c3"
        value="ECL"
      >
        ECL
      </option>
      <option
        className="c3"
        value="EQ"
      >
        EQ
      </option>
      <option
        className="c3"
        value="Eiffel"
      >
        Eiffel
      </option>
      <option
        className="c3"
        value="Elixir"
      >
        Elixir
      </option>
      <option
        className="c3"
        value="Elm"
      >
        Elm
      </option>
      <option
        className="c3"
        value="Emacs Lisp"
      >
        Emacs Lisp
      </option>
      <option
        className="c3"
        value="EmberScript"
      >
        EmberScript
      </option>
      <option
        className="c3"
        value="Erlang"
      >
        Erlang
      </option>
      <option
        className="c3"
        value="F#"
      >
        F#
      </option>
      <option
        className="c3"
        value="FLUX"
      >
        FLUX
      </option>
      <option
        className="c3"
        value="Factor"
      >
        Factor
      </option>
      <option
        className="c3"
        value="Fancy"
      >
        Fancy
      </option>
      <option
        className="c3"
        value="Fantom"
      >
        Fantom
      </option>
      <option
        className="c3"
        value="Forth"
      >
        Forth
      </option>
      <option
        className="c3"
        value="Fortran"
      >
        Fortran
      </option>
      <option
        className="c3"
        value="FreeMarker"
      >
        FreeMarker
      </option>
      <option
        className="c3"
        value="Frege"
      >
        Frege
      </option>
      <option
        className="c3"
        value="Game Maker Language"
      >
        Game Maker Language
      </option>
      <option
        className="c3"
        value="Genie"
      >
        Genie
      </option>
      <option
        className="c3"
        value="Gherkin"
      >
        Gherkin
      </option>
      <option
        className="c3"
        value="Glyph"
      >
        Glyph
      </option>
      <option
        className="c3"
        value="Gnuplot"
      >
        Gnuplot
      </option>
      <option
        className="c3"
        value="Go"
      >
        Go
      </option>
      <option
        className="c3"
        value="Golo"
      >
        Golo
      </option>
      <option
        className="c3"
        value="Gosu"
      >
        Gosu
      </option>
      <option
        className="c3"
        value="Grammatical Framework"
      >
        Grammatical Framework
      </option>
      <option
        className="c3"
        value="Groovy"
      >
        Groovy
      </option>
      <option
        className="c3"
        value="HTML"
      >
        HTML
      </option>
      <option
        className="c3"
        value="Hack"
      >
        Hack
      </option>
      <option
        className="c3"
        value="Harbour"
      >
        Harbour
      </option>
      <option
        className="c3"
        value="Haskell"
      >
        Haskell
      </option>
      <option
        className="c3"
        value="Haxe"
      >
        Haxe
      </option>
      <option
        className="c3"
        value="Hy"
      >
        Hy
      </option>
      <option
        className="c3"
        value="IDL"
      >
        IDL
      </option>
      <option
        className="c3"
        value="Idris"
      >
        Idris
      </option>
      <option
        className="c3"
        value="Io"
      >
        Io
      </option>
      <option
        className="c3"
        value="Ioke"
      >
        Ioke
      </option>
      <option
        className="c3"
        value="Isabelle"
      >
        Isabelle
      </option>
      <option
        className="c3"
        value="J"
      >
        J
      </option>
      <option
        className="c3"
        value="JSONiq"
      >
        JSONiq
      </option>
      <option
        className="c3"
        value="Java"
      >
        Java
      </option>
      <option
        className="c3"
        value="JavaScript"
      >
        JavaScript
      </option>
      <option
        className="c3"
        value="Jolie"
      >
        Jolie
      </option>
      <option
        className="c3"
        value="Julia"
      >
        Julia
      </option>
      <option
        className="c3"
        value="Jupyter Notebook"
      >
        Jupyter Notebook
      </option>
      <option
        className="c3"
        value="KRL"
      >
        KRL
      </option>
      <option
        className="c3"
        value="Kotlin"
      >
        Kotlin
      </option>
      <option
        className="c3"
        value="LFE"
      >
        LFE
      </option>
      <option
        className="c3"
        value="LLVM"
      >
        LLVM
      </option>
      <option
        className="c3"
        value="LOLCODE"
      >
        LOLCODE
      </option>
      <option
        className="c3"
        value="LSL"
      >
        LSL
      </option>
      <option
        className="c3"
        value="Lasso"
      >
        Lasso
      </option>
      <option
        className="c3"
        value="Lex"
      >
        Lex
      </option>
      <option
        className="c3"
        value="LiveScript"
      >
        LiveScript
      </option>
      <option
        className="c3"
        value="LookML"
      >
        LookML
      </option>
      <option
        className="c3"
        value="Lua"
      >
        Lua
      </option>
      <option
        className="c3"
        value="MAXScript"
      >
        MAXScript
      </option>
      <option
        className="c3"
        value="MQL4"
      >
        MQL4
      </option>
      <option
        className="c3"
        value="MQL5"
      >
        MQL5
      </option>
      <option
        className="c3"
        value="MTML"
      >
        MTML
      </option>
      <option
        className="c3"
        value="Makefile"
      >
        Makefile
      </option>
      <option
        className="c3"
        value="Mask"
      >
        Mask
      </option>
      <option
        className="c3"
        value="Matlab"
      >
        Matlab
      </option>
      <option
        className="c3"
        value="Max"
      >
        Max
      </option>
      <option
        className="c3"
        value="Mercury"
      >
        Mercury
      </option>
      <option
        className="c3"
        value="Meson"
      >
        Meson
      </option>
      <option
        className="c3"
        value="Metal"
      >
        Metal
      </option>
      <option
        className="c3"
        value="Mirah"
      >
        Mirah
      </option>
      <option
        className="c3"
        value="NCL"
      >
        NCL
      </option>
      <option
        className="c3"
        value="Nearley"
      >
        Nearley
      </option>
      <option
        className="c3"
        value="Nemerle"
      >
        Nemerle
      </option>
      <option
        className="c3"
        value="NetLinx"
      >
        NetLinx
      </option>
      <option
        className="c3"
        value="NetLinx+ERB"
      >
        NetLinx+ERB
      </option>
      <option
        className="c3"
        value="NetLogo"
      >
        NetLogo
      </option>
      <option
        className="c3"
        value="NewLisp"
      >
        NewLisp
      </option>
      <option
        className="c3"
        value="Nextflow"
      >
        Nextflow
      </option>
      <option
        className="c3"
        value="Nim"
      >
        Nim
      </option>
      <option
        className="c3"
        value="Nit"
      >
        Nit
      </option>
      <option
        className="c3"
        value="Nix"
      >
        Nix
      </option>
      <option
        className="c3"
        value="Nu"
      >
        Nu
      </option>
      <option
        className="c3"
        value="OCaml"
      >
        OCaml
      </option>
      <option
        className="c3"
        value="Objective-C"
      >
        Objective-C
      </option>
      <option
        className="c3"
        value="Objective-C++"
      >
        Objective-C++
      </option>
      <option
        className="c3"
        value="Objective-J"
      >
        Objective-J
      </option>
      <option
        className="c3"
        value="Omgrofl"
      >
        Omgrofl
      </option>
      <option
        className="c3"
        value="Opal"
      >
        Opal
      </option>
      <option
        className="c3"
        value="Oxygene"
      >
        Oxygene
      </option>
      <option
        className="c3"
        value="Oz"
      >
        Oz
      </option>
      <option
        className="c3"
        value="P4"
      >
        P4
      </option>
      <option
        className="c3"
        value="PAWN"
      >
        PAWN
      </option>
      <option
        className="c3"
        value="PHP"
      >
        PHP
      </option>
      <option
        className="c3"
        value="PLSQL"
      >
        PLSQL
      </option>
      <option
        className="c3"
        value="Pan"
      >
        Pan
      </option>
      <option
        className="c3"
        value="Papyrus"
      >
        Papyrus
      </option>
      <option
        className="c3"
        value="Parrot"
      >
        Parrot
      </option>
      <option
        className="c3"
        value="Pascal"
      >
        Pascal
      </option>
      <option
        className="c3"
        value="Pep8"
      >
        Pep8
      </option>
      <option
        className="c3"
        value="Perl"
      >
        Perl
      </option>
      <option
        className="c3"
        value="Perl 6"
      >
        Perl 6
      </option>
      <option
        className="c3"
        value="PigLatin"
      >
        PigLatin
      </option>
      <option
        className="c3"
        value="Pike"
      >
        Pike
      </option>
      <option
        className="c3"
        value="PogoScript"
      >
        PogoScript
      </option>
      <option
        className="c3"
        value="PostScript"
      >
        PostScript
      </option>
      <option
        className="c3"
        value="PowerBuilder"
      >
        PowerBuilder
      </option>
      <option
        className="c3"
        value="PowerShell"
      >
        PowerShell
      </option>
      <option
        className="c3"
        value="Processing"
      >
        Processing
      </option>
      <option
        className="c3"
        value="Prolog"
      >
        Prolog
      </option>
      <option
        className="c3"
        value="Propeller Spin"
      >
        Propeller Spin
      </option>
      <option
        className="c3"
        value="Puppet"
      >
        Puppet
      </option>
      <option
        className="c3"
        value="PureBasic"
      >
        PureBasic
      </option>
      <option
        className="c3"
        value="PureScript"
      >
        PureScript
      </option>
      <option
        className="c3"
        value="Python"
      >
        Python
      </option>
      <option
        className="c3"
        value="QML"
      >
        QML
      </option>
      <option
        className="c3"
        value="R"
      >
        R
      </option>
      <option
        className="c3"
        value="RAML"
      >
        RAML
      </option>
      <option
        className="c3"
        value="RUNOFF"
      >
        RUNOFF
      </option>
      <option
        className="c3"
        value="Racket"
      >
        Racket
      </option>
      <option
        className="c3"
        value="Ragel"
      >
        Ragel
      </option>
      <option
        className="c3"
        value="Rascal"
      >
        Rascal
      </option>
      <option
        className="c3"
        value="Rebol"
      >
        Rebol
      </option>
      <option
        className="c3"
        value="Red"
      >
        Red
      </option>
      <option
        className="c3"
        value="Ren'Py"
      >
        Ren'Py
      </option>
      <option
        className="c3"
        value="Ring"
      >
        Ring
      </option>
      <option
        className="c3"
        value="Roff"
      >
        Roff
      </option>
      <option
        className="c3"
        value="Rouge"
      >
        Rouge
      </option>
      <option
        className="c3"
        value="Ruby"
      >
        Ruby
      </option>
      <option
        className="c3"
        value="Rust"
      >
        Rust
      </option>
      <option
        className="c3"
        value="SAS"
      >
        SAS
      </option>
      <option
        className="c3"
        value="SQF"
      >
        SQF
      </option>
      <option
        className="c3"
        value="SRecode Template"
      >
        SRecode Template
      </option>
      <option
        className="c3"
        value="SaltStack"
      >
        SaltStack
      </option>
      <option
        className="c3"
        value="Scala"
      >
        Scala
      </option>
      <option
        className="c3"
        value="Scheme"
      >
        Scheme
      </option>
      <option
        className="c3"
        value="Self"
      >
        Self
      </option>
      <option
        className="c3"
        value="Shell"
      >
        Shell
      </option>
      <option
        className="c3"
        value="Shen"
      >
        Shen
      </option>
      <option
        className="c3"
        value="Slash"
      >
        Slash
      </option>
      <option
        className="c3"
        value="Smalltalk"
      >
        Smalltalk
      </option>
      <option
        className="c3"
        value="Solidity"
      >
        Solidity
      </option>
      <option
        className="c3"
        value="SourcePawn"
      >
        SourcePawn
      </option>
      <option
        className="c3"
        value="Squirrel"
      >
        Squirrel
      </option>
      <option
        className="c3"
        value="Stan"
      >
        Stan
      </option>
      <option
        className="c3"
        value="Standard ML"
      >
        Standard ML
      </option>
      <option
        className="c3"
        value="SuperCollider"
      >
        SuperCollider
      </option>
      <option
        className="c3"
        value="Swift"
      >
        Swift
      </option>
      <option
        className="c3"
        value="SystemVerilog"
      >
        SystemVerilog
      </option>
      <option
        className="c3"
        value="TI Program"
      >
        TI Program
      </option>
      <option
        className="c3"
        value="Tcl"
      >
        Tcl
      </option>
      <option
        className="c3"
        value="TeX"
      >
        TeX
      </option>
      <option
        className="c3"
        value="Terra"
      >
        Terra
      </option>
      <option
        className="c3"
        value="Turing"
      >
        Turing
      </option>
      <option
        className="c3"
        value="TypeScript"
      >
        TypeScript
      </option>
      <option
        className="c3"
        value="UnrealScript"
      >
        UnrealScript
      </option>
      <option
        className="c3"
        value="VCL"
      >
        VCL
      </option>
      <option
        className="c3"
        value="VHDL"
      >
        VHDL
      </option>
      <option
        className="c3"
        value="Vala"
      >
        Vala
      </option>
      <option
        className="c3"
        value="Verilog"
      >
        Verilog
      </option>
      <option
        className="c3"
        value="Vim script"
      >
        Vim script
      </option>
      <option
        className="c3"
        value="Visual Basic"
      >
        Visual Basic
      </option>
      <option
        className="c3"
        value="Volt"
      >
        Volt
      </option>
      <option
        className="c3"
        value="Vue"
      >
        Vue
      </option>
      <option
        className="c3"
        value="WebAssembly"
      >
        WebAssembly
      </option>
      <option
        className="c3"
        value="X10"
      >
        X10
      </option>
      <option
        className="c3"
        value="XC"
      >
        XC
      </option>
      <option
        className="c3"
        value="XQuery"
      >
        XQuery
      </option>
      <option
        className="c3"
        value="XSLT"
      >
        XSLT
      </option>
      <option
        className="c3"
        value="Yacc"
      >
        Yacc
      </option>
      <option
        className="c3"
        value="Zephir"
      >
        Zephir
      </option>
      <option
        className="c3"
        value="cpp"
      >
        cpp
      </option>
      <option
        className="c3"
        value="eC"
      >
        eC
      </option>
      <option
        className="c3"
        value="nesC"
      >
        nesC
      </option>
      <option
        className="c3"
        value="ooc"
      >
        ooc
      </option>
      <option
        className="c3"
        value="wdl"
      >
        wdl
      </option>
      <option
        className="c3"
        value="wisp"
      >
        wisp
      </option>
      <option
        className="c3"
        value="xBase"
      >
        xBase
      </option>
    </select>
    <select
      aria-label="Periods of time"
      className="c2"
      onChange={[Function]}
      value="This Week"
    >
      <option
        className="c3"
        value="This Week"
      >
        This Week
      </option>
      <option
        className="c3"
        value="This Month"
      >
        This Month
      </option>
      <option
        className="c3"
        value="All Time"
      >
        All Time
      </option>
    </select>
  </form>,
  @media screen and (min-width:40rem) {
  .c0 {
    display: flex;
    flex-flow: row wrap;
    justify-content: space-around;
    margin: 0 1.5rem;
  }
}

<div
    className="c0"
  />,
  .c0 {
  width: 100%;
  height: auto;
  filter: invert(0%);
}

.c1 {
  width: 5rem;
  height: auto;
}

@media screen and (min-width:40rem) {

}

<footer>
    <img
      alt="Loading items"
      className="c0 c1"
      src="test-file-stub"
    />
  </footer>,
]
`;
