// Jest Snapshot v1, https://goo.gl/fbAQLP

exports[`<Categories /> renders with default style 1`] = `
.c0 {
  display: -webkit-box;
  display: -webkit-flex;
  display: -ms-flexbox;
  display: flex;
  -webkit-flex-flow: row wrap;
  -ms-flex-flow: row wrap;
  flex-flow: row wrap;
  -webkit-box-pack: center;
  -webkit-justify-content: center;
  -ms-flex-pack: center;
  justify-content: center;
  width: 100%;
  text-transform: uppercase;
}

.c2 {
  position: relative;
  z-index: 100;
}

.c3 {
  opacity: 0;
}

.c1 {
  display: inherit;
  padding: 1rem 1.5rem;
  position: relative;
  background: transparent;
  overflow: hidden;
  font-size: 1.3rem;
  cursor: pointer;
}

.c1::before {
  content: '';
  width: 90%;
  height: 90%;
  position: absolute;
  top: 5%;
  left: 5%;
  z-index: 20;
  background: #fff;
  border-radius: 0.5rem;
  box-shadow: 0px 3px 5px 1px rgba(217,217,217,0.82);
  -webkit-transition: -webkit-transform 0.15s ease-in-out;
  -webkit-transition: transform 0.15s ease-in-out;
  transition: transform 0.15s ease-in-out;
  -webkit-transform: translateX(-200%);
  -ms-transform: translateX(-200%);
  transform: translateX(-200%);
}

.c4 {
  display: inherit;
  padding: 1rem 1.5rem;
  position: relative;
  background: transparent;
  overflow: hidden;
  font-size: 1.3rem;
  cursor: pointer;
}

.c4::before {
  content: '';
  width: 90%;
  height: 90%;
  position: absolute;
  top: 5%;
  left: 5%;
  z-index: 20;
  background: #fff;
  border-radius: 0.5rem;
  box-shadow: 0px 3px 5px 1px rgba(217,217,217,0.82);
  -webkit-transition: -webkit-transform 0.15s ease-in-out;
  -webkit-transition: transform 0.15s ease-in-out;
  transition: transform 0.15s ease-in-out;
  -webkit-transform: translateX(0%);
  -ms-transform: translateX(0%);
  transform: translateX(0%);
}

<form
  className="c0"
>
  <div
    aria-checked={false}
    onClick={[Function]}
    onKeyPress={[Function]}
    role="radio"
    tabIndex="0"
  >
    <label
      className="c1"
      htmlFor="Year"
    >
      <span
        className="c2"
      >
        Year
      </span>
    </label>
    <input
      checked={false}
      className="c3"
      id="Year"
      onChange={[Function]}
      tabIndex="-1"
      type="radio"
      value="Year"
    />
  </div>
  <div
    aria-checked={true}
    onClick={[Function]}
    onKeyPress={[Function]}
    role="radio"
    tabIndex="0"
  >
    <label
      className="c4"
      htmlFor="Month"
    >
      <span
        className="c2"
      >
        Month
      </span>
    </label>
    <input
      checked={true}
      className="c3"
      id="Month"
      onChange={[Function]}
      tabIndex="-1"
      type="radio"
      value="Month"
    />
  </div>
</form>
`;
