// Jest Snapshot v1, https://goo.gl/fbAQLP

exports[`<Footer /> renders with default style 1`] = `
<DocumentFragment>
  .c0 {
  margin: 1rem;
  padding: 0.5rem;
  text-align: center;
}

<footer
    class="c0"
  >
    <p>
      Copyright Â© 2025 jayjamesjay. All Rights Reserved. Project under MIT licence.
    </p>
  </footer>
</DocumentFragment>
`;
