// Jest Snapshot v1, https://goo.gl/fbAQLP

exports[`<Header /> renders with default style 1`] = `
<DocumentFragment>
  .c3 {
  cursor: pointer;
  background: #fff;
  border: 0;
  border-radius: 0.5rem;
  font-size: 1.2rem;
  color: #000;
  text-transform: uppercase;
}

.c4 {
  display: flex;
  align-items: center;
  width: 3rem;
  height: 3rem;
  margin: 0 auto;
  background: transparent;
}

.c6 {
  margin: 0 1rem;
  padding: 0;
  background: transparent;
  overflow: hidden;
}

.c7 {
  display: block;
  width: 1.8rem;
  height: 0.2rem;
  margin: 0.3rem 0;
  background: #000;
  transition: transform 0.2s linear;
}

.c7:first-child {
  transform: translateY(0.45rem) rotate(-45deg);
}

.c7:nth-child(2) {
  transform: translateX(5rem);
}

.c7:last-child {
  transform: translateY(-0.45rem) rotate(45deg);
}

.c1 {
  padding: 0.5rem;
  font-size: 1.3rem;
  font-family: 'Noto Sans HK',sans-serif;
  color: #000;
  text-decoration: none;
}

.c2 {
  margin: 0.5rem;
  font-weight: 700;
  font-size: 2rem;
}

.c0 {
  display: flex;
  justify-content: space-between;
  align-items: center;
  padding: env(safe-area-inset-top) env(safe-area-inset-right) 0 env(safe-area-inset-left);
  position: sticky;
  top: 0;
  z-index: 200;
  background: #fff;
  box-shadow: 0 1px 2px 0 rgba(60,64,67,0.3),0 2px 6px 2px rgba(60,64,67,0.15);
  text-transform: uppercase;
}

.c5 {
  width: 100%;
  height: auto;
  filter: invert(0%);
}

@media screen and (min-width:40rem) {
  .c4 {
    margin: 0;
  }
}

@media screen and (min-width:40rem) {
  .c6 {
    display: none;
  }
}

@media screen and (min-width:40rem) {
  .c0 {
    justify-content: flex-start;
  }
}

<header
    class="c0"
  >
    <a
      class="c1 c2"
      data-discover="true"
      font-size="1.3rem"
      href="/"
    >
      GH Trends
    </a>
    <button
      class="c3 c4"
    >
      <img
        alt="Toggle dark/light mode"
        class="c5"
        src="test-file-stub"
      />
    </button>
    <button
      aria-label="Open menu"
      class="c3 c6"
    >
      <span
        class="c7"
        open=""
      />
      <span
        class="c7"
        open=""
      />
      <span
        class="c7"
        open=""
      />
    </button>
  </header>
</DocumentFragment>
`;
