// Jest Snapshot v1, https://goo.gl/fbAQLP

exports[`<View /> renders with default style 1`] = `
<DocumentFragment>
  @media screen and (min-width:40rem) {
  .c0 {
    display: flex;
    flex-flow: row wrap;
    justify-content: space-around;
    margin: 0 1.5rem;
  }
}

<div
    class="c0"
  />
</DocumentFragment>
`;

exports[`<ViewSingle /> renders with default style 1`] = `
<DocumentFragment>
  .c5 {
  display: flex;
  flex-flow: row wrap;
  justify-content: center;
  align-content: center;
  align-items: center;
}

.c6 {
  margin: auto 0 0 0;
}

.c7 {
  cursor: pointer;
  width: 2rem;
  height: 2rem;
  background: transparent;
  border: 0;
}

.c8 {
  margin: 0.5rem 0 0 0;
}

.c3 {
  display: block;
  font-size: 1.2rem;
  font-family: 'Noto Sans HK',sans-serif;
  color: #000;
  text-decoration: none;
  cursor: pointer;
}

.c1 {
  display: flex;
  margin: 2rem 1rem;
  min-height: 13rem;
  padding: 1.2rem 1.2rem 0.8rem 1.2rem;
  flex: 1 1 100%;
  flex-flow: column nowrap;
  background: linear-gradient( #fff 0%,#fff 0.3rem,#f1e05a 0.3rem,#f1e05a 0.6rem,#fff 0.6rem );
  box-shadow: 0px 3px 5px 1px rgba(217,217,217,0.82);
  border-radius: 0.5rem;
  text-align: left;
  word-break: break-word;
}

.c4 {
  font-weight: 400;
  font-size: 1.3rem;
  color: #767676;
}

.c2 {
  margin: 0.2rem 0;
  font-size: 1.7rem;
}

.c9 {
  width: 100%;
  height: auto;
  filter: invert(0%);
}

.c12 {
  display: inline-block;
  width: 1.5rem;
  height: 1.5rem;
  filter: invert(0%);
}

.c10 {
  margin: 0 0.5rem;
  padding: 0;
}

.c11 {
  display: flex;
  align-content: center;
  align-items: center;
  margin: 0 0.5rem;
  padding: 0;
}

@media screen and (min-width:40rem) {
  .c0 {
    display: flex;
    flex-flow: row wrap;
    justify-content: space-around;
    margin: 0 1.5rem;
  }
}

@media screen and (min-width:40rem) {
  .c1 {
    min-width: 16.5rem;
    margin: 1.5rem 1rem;
    flex: 1 1 27%;
  }
}

<div
    class="c0"
  >
    <article
      class="c1"
    >
      <h2
        class="c2"
      >
        <a
          class="c3"
          href=""
        >
          <span
            class="c4"
          >
            jayjamesjay
          </span>
           /gh-trends0
        </a>
      </h2>
      <p>
        Loading content for this website...
      </p>
      <div
        class="c5 c6"
      >
        <button
          class="c7 c8"
        >
          <img
            alt="Add to saved"
            class="c9"
            src="test-file-stub"
            title="Add to saved"
          />
        </button>
        <p
          class="c10"
        >
          Forks: 321
        </p>
        <p
          class="c10"
        >
          License: MIT
        </p>
        <p
          class="c11"
        >
          123
          <img
            alt="Stars"
            class="c12"
            src="test-file-stub"
          />
        </p>
        <p
          class="c10"
        >
          Language: JavaScript
        </p>
      </div>
    </article>
    <article
      class="c1"
    >
      <h2
        class="c2"
      >
        <a
          class="c3"
          href=""
        >
          <span
            class="c4"
          >
            jayjamesjay
          </span>
           /gh-trends1
        </a>
      </h2>
      <p>
        Loading content for this website...
      </p>
      <div
        class="c5 c6"
      >
        <button
          class="c7 c8"
        >
          <img
            alt="Add to saved"
            class="c9"
            src="test-file-stub"
            title="Add to saved"
          />
        </button>
        <p
          class="c10"
        >
          Forks: 321
        </p>
        <p
          class="c10"
        >
          License: MIT
        </p>
        <p
          class="c11"
        >
          123
          <img
            alt="Stars"
            class="c12"
            src="test-file-stub"
          />
        </p>
        <p
          class="c10"
        >
          Language: JavaScript
        </p>
      </div>
    </article>
    <article
      class="c1"
    >
      <h2
        class="c2"
      >
        <a
          class="c3"
          href=""
        >
          <span
            class="c4"
          >
            jayjamesjay
          </span>
           /gh-trends2
        </a>
      </h2>
      <p>
        Loading content for this website...
      </p>
      <div
        class="c5 c6"
      >
        <button
          class="c7 c8"
        >
          <img
            alt="Add to saved"
            class="c9"
            src="test-file-stub"
            title="Add to saved"
          />
        </button>
        <p
          class="c10"
        >
          Forks: 321
        </p>
        <p
          class="c10"
        >
          License: MIT
        </p>
        <p
          class="c11"
        >
          123
          <img
            alt="Stars"
            class="c12"
            src="test-file-stub"
          />
        </p>
        <p
          class="c10"
        >
          Language: JavaScript
        </p>
      </div>
    </article>
    <article
      class="c1"
    >
      <h2
        class="c2"
      >
        <a
          class="c3"
          href=""
        >
          <span
            class="c4"
          >
            jayjamesjay
          </span>
           /gh-trends3
        </a>
      </h2>
      <p>
        Loading content for this website...
      </p>
      <div
        class="c5 c6"
      >
        <button
          class="c7 c8"
        >
          <img
            alt="Add to saved"
            class="c9"
            src="test-file-stub"
            title="Add to saved"
          />
        </button>
        <p
          class="c10"
        >
          Forks: 321
        </p>
        <p
          class="c10"
        >
          License: MIT
        </p>
        <p
          class="c11"
        >
          123
          <img
            alt="Stars"
            class="c12"
            src="test-file-stub"
          />
        </p>
        <p
          class="c10"
        >
          Language: JavaScript
        </p>
      </div>
    </article>
    <article
      class="c1"
    >
      <h2
        class="c2"
      >
        <a
          class="c3"
          href=""
        >
          <span
            class="c4"
          >
            jayjamesjay
          </span>
           /gh-trends4
        </a>
      </h2>
      <p>
        Loading content for this website...
      </p>
      <div
        class="c5 c6"
      >
        <button
          class="c7 c8"
        >
          <img
            alt="Add to saved"
            class="c9"
            src="test-file-stub"
            title="Add to saved"
          />
        </button>
        <p
          class="c10"
        >
          Forks: 321
        </p>
        <p
          class="c10"
        >
          License: MIT
        </p>
        <p
          class="c11"
        >
          123
          <img
            alt="Stars"
            class="c12"
            src="test-file-stub"
          />
        </p>
        <p
          class="c10"
        >
          Language: JavaScript
        </p>
      </div>
    </article>
    <article
      class="c1"
    >
      <h2
        class="c2"
      >
        <a
          class="c3"
          href=""
        >
          <span
            class="c4"
          >
            jayjamesjay
          </span>
           /gh-trends5
        </a>
      </h2>
      <p>
        Loading content for this website...
      </p>
      <div
        class="c5 c6"
      >
        <button
          class="c7 c8"
        >
          <img
            alt="Add to saved"
            class="c9"
            src="test-file-stub"
            title="Add to saved"
          />
        </button>
        <p
          class="c10"
        >
          Forks: 321
        </p>
        <p
          class="c10"
        >
          License: MIT
        </p>
        <p
          class="c11"
        >
          123
          <img
            alt="Stars"
            class="c12"
            src="test-file-stub"
          />
        </p>
        <p
          class="c10"
        >
          Language: JavaScript
        </p>
      </div>
    </article>
  </div>
  .c0 {
  cursor: pointer;
  background: #fff;
  border: 0;
  border-radius: 0.5rem;
  font-size: 1.2rem;
  color: #000;
  text-transform: uppercase;
}

.c1 {
  margin: auto;
  padding: 1rem;
  box-shadow: 0px 3px 5px 1px rgba(217,217,217,0.82);
  width: auto;
  height: auto;
}

@media screen and (min-width:40rem) {

}

@media screen and (min-width:40rem) {

}

<footer>
    <button
      class="c0 c1"
    >
      Show more
    </button>
  </footer>
</DocumentFragment>
`;
